<?xml version="1.0" encoding="UTF-8" ?>
<testsuites name="vitest tests" tests="4" failures="0" errors="0" time="0.170867917">
    <testsuite name="client/src/components/admin/__tests__/AdminLayout.test.tsx" timestamp="2025-09-25T23:52:17.377Z" hostname="Bryans-MacBook-Air-2.local" tests="4" failures="0" errors="0" skipped="0" time="0.170867917">
        <testcase classname="client/src/components/admin/__tests__/AdminLayout.test.tsx" name="AdminLayout &gt; renders child content" time="0.016181792">
        </testcase>
        <testcase classname="client/src/components/admin/__tests__/AdminLayout.test.tsx" name="AdminLayout &gt; renders navigation items" time="0.005174375">
        </testcase>
        <testcase classname="client/src/components/admin/__tests__/AdminLayout.test.tsx" name="AdminLayout &gt; navigates when nav item is clicked" time="0.005115292">
        </testcase>
        <testcase classname="client/src/components/admin/__tests__/AdminLayout.test.tsx" name="AdminLayout &gt; allows collapsing and expanding the sidebar" time="0.143891875">
        </testcase>
    </testsuite>
</testsuites>
